     12.029487      0.268028      0.084814      0.066673
