     12.029487      0.348019      0.012613      0.012613
