     12.029487      0.248611      0.091697      0.073751
