0.6 0.118951 0.016141 0.022290
0.8 0.125258 0.020239 0.024406
1.0 0.133130 0.026117 0.029301
1.2 0.146436 0.034073 0.036245
1.4 0.166157 0.044046 0.044826
1.6 0.192004 0.055651 0.054657
