     12.029487      0.126856      0.035215      0.019430
