     12.029487      0.343150      0.011726      0.011726
