0.6 0.094004 0.048886 0.029192
0.8 0.169807 0.073347 0.055424
1.0 0.279879 0.089240 0.077176
1.2 0.395393 0.099148 0.090522
1.4 0.496908 0.104746 0.097091
1.6 0.577673 0.107111 0.099170
