     12.029487      0.094004      0.048886      0.029192
