     12.029487      0.329086      0.112902      0.088268
