     12.029487      0.413583      0.130126      0.099765
