     12.029487      0.146436      0.034073      0.036245
