     12.029487      0.103158      0.030522      0.018510
