     12.029487      0.122664      0.046125      0.039278
