     12.029487      0.250790      0.018344      0.018344
