     12.029487      0.109393      0.012627      0.009870
