Number of threads =  4
Integration time(s) =  0.105623E+03
Number of kpoints (regular grid) = 32768
band, reduced grid size    1 1922
band, reduced grid size    2  263
band, reduced grid size    3  179
