  0.120295E+02  0.152758E+04  0.357094E-13  0.275698E-14  0.370021E-13  0.152758E+04  0.388805E-14  0.465556E-14  0.257520E-14  0.152758E+04
