  0.120295E+02  0.152758E+04  0.142191E-13 -0.274688E-14  0.155118E-13  0.152758E+04  0.129328E-14 -0.161581E-15 -0.195665E-16  0.152758E+04
