  0.120295E+02 -0.197998E-03 -0.328839E-21  0.601677E-22 -0.190006E-21 -0.197998E-03  0.569835E-21  0.376253E-21  0.842701E-21 -0.197998E-03
