  0.120295E+02 -0.195801E-03  0.392627E-20 -0.317037E-21  0.366285E-20 -0.195801E-03 -0.162416E-21  0.166992E-21 -0.109348E-20 -0.195801E-03
