  0.120295E+02 -0.335373E-03  0.126284E-20 -0.282307E-21  0.133607E-21 -0.335373E-03 -0.106886E-20 -0.564614E-21 -0.163347E-20 -0.335373E-03
