  0.120295E+02  0.180190E+04 -0.736810E-13  0.162339E-14 -0.723884E-13  0.180190E+04  0.363305E-14  0.489793E-15  0.235807E-14  0.180190E+04
