  0.120295E+02  0.177978E+04  0.775589E-14  0.129265E-14  0.904854E-14  0.177978E+04  0.387795E-14 -0.129265E-14 -0.129265E-14  0.177978E+04
