  0.120295E+02  0.811182E+03  0.323162E-15  0.000000E+00  0.323162E-15  0.811182E+03 -0.258530E-14  0.000000E+00 -0.258530E-14  0.811182E+03
