  0.120295E+02  0.188692E+04  0.103089E-12 -0.646325E-15  0.103735E-12  0.188692E+04  0.387795E-14  0.258530E-14  0.517060E-14  0.188692E+04
