     12.028137      0.440876      0.108068      0.098637
