  0.120295E+02 -0.304329E-03  0.303304E-21 -0.996196E-21  0.303304E-21 -0.304329E-03 -0.996196E-21 -0.996196E-21 -0.996196E-21 -0.304329E-03
