  0.120295E+02 -0.161792E-03 -0.507308E-21 -0.148685E-21  0.295657E-22 -0.161792E-03  0.270192E-22  0.858312E-22  0.169535E-21 -0.161792E-03
