  0.120295E+02  0.843487E+03  0.807906E-15  0.323162E-15 -0.436269E-14  0.843487E+03  0.000000E+00  0.000000E+00  0.646325E-15  0.843487E+03
