  0.120295E+02 -0.335704E-03  0.252229E-21  0.675737E-21 -0.313359E-20 -0.335704E-03  0.225721E-20  0.675737E-21  0.112860E-20 -0.335704E-03
