  0.120295E+02  0.811831E+03  0.153502E-14 -0.646325E-15  0.412032E-14  0.811831E+03 -0.129265E-14 -0.646325E-15 -0.129265E-14  0.811831E+03
