  0.120295E+02  0.811630E+03 -0.484743E-14  0.129265E-14 -0.484743E-14  0.811630E+03  0.000000E+00  0.129265E-14  0.000000E+00  0.811630E+03
