  0.120295E+02  0.804770E+03  0.290846E-14  0.105028E-14  0.549376E-14  0.804770E+03  0.000000E+00  0.113107E-14  0.000000E+00  0.804770E+03
