Number of threads =  8
Integration time(s) =  0.105776E+03
Number of kpoints (regular grid) = 32768
band, reduced grid size    1 1922
band, reduced grid size    2  263
band, reduced grid size    3  179
