  0.120295E+02  0.152758E+04 -0.177739E-14  0.323162E-15 -0.484743E-15  0.152758E+04  0.161581E-14 -0.969487E-15  0.323162E-15  0.152758E+04
