2.0 0.186176 0.045479 0.036163
5.0 0.242538 0.075092 0.060577
8.0 0.250852 0.080877 0.063302
10.0 0.251698 0.083645 0.064593
12.0 0.251838 0.083799 0.064776
15.0 0.251863 0.083828 0.064785
