     12.029487      0.495795      0.125707      0.103877
