     12.029487      0.359766      0.110562      0.089343
