     12.029487      0.357425      0.110562      0.088823
