     12.029487      0.470570      0.109556      0.099694
