     12.029487      0.482161      0.109556      0.099694
