     12.029487      0.186176      0.045479      0.036163
