  0.120295E+02  0.130921E+03  0.000000E+00  0.000000E+00  0.000000E+00  0.130921E+03  0.000000E+00  0.000000E+00  0.000000E+00  0.130921E+03
