  0.120295E+02 -0.179582E-03  0.415919E-21  0.712544E-21 -0.525549E-21 -0.179582E-03  0.477177E-21 -0.322155E-23 -0.473956E-21 -0.179582E-03
