  0.120295E+02 -0.150076E-03  0.556672E-21  0.191761E-21  0.556672E-21 -0.150076E-03  0.394964E-21  0.265102E-21  0.486635E-22 -0.150076E-03
