  0.120295E+02 -0.146672E-03  0.314351E-21 -0.111398E-21 -0.248974E-22 -0.146672E-03 -0.115493E-21 -0.312602E-21  0.609409E-22 -0.146672E-03
