  0.120295E+02 -0.147843E-03 -0.191378E-21 -0.152917E-21 -0.170289E-21 -0.147843E-03 -0.199848E-21 -0.942538E-22  0.433161E-21 -0.147843E-03
