  0.120295E+02  0.146846E+04 -0.678641E-14  0.258530E-14 -0.807906E-14  0.146846E+04  0.129265E-14  0.242372E-14  0.113107E-14  0.146846E+04
