  0.120295E+02  0.132256E+04  0.452427E-14  0.226214E-14  0.452427E-14  0.132256E+04  0.290846E-14  0.290846E-14  0.290846E-14  0.132256E+04
