  0.120295E+02  0.334635E+03 -0.605929E-16  0.000000E+00 -0.605929E-16  0.334635E+03  0.000000E+00  0.000000E+00  0.000000E+00  0.334635E+03
